[INFO]  kong-build-tools already present – pulling latest master ...
M	Makefile
M	build-kong.sh
M	dockerfiles/Dockerfile.kong
M	dockerfiles/Dockerfile.openresty
M	openresty-build-tools/kong-ngx-build
M	test/kong-tests-compose.yaml
Your branch is up to date with 'origin/master'.
Already up to date.
[INFO]  Kong source already present at /tmp/kong-source-391-amd64
[INFO]  Kong .requirements:
OPENSSL=3.2.3
OPENSSL_SHA256=52b5f1c6b8022bc5868c308c54fb77705e702d6c6f4594f99a0df216acf46239
[INFO]  Patching duplicate healthcheck in test/kong-tests-compose.yaml ...
  -> already clean, no patch needed.
[INFO]  Initialising submodules in kong-build-tools ...
  -> Patched Dockerfile.openresty
  -> Patched Dockerfile.kong
[INFO]  Patched Dockerfiles: removed syntax directive and secret mounts
[INFO]  Patched Makefile: removed --secret lines
[INFO]  Patching /tmp/kong-build-tools-391-amd64/openresty-build-tools/kong-ngx-build to support PCRE2 downloads
  -> already patched, skipping
[INFO]  Patching /tmp/kong-build-tools-391-amd64/openresty-build-tools/kong-ngx-build: fixing OpenResty download URL
  -> already correct, skipping
[INFO]  Patching /tmp/kong-build-tools-391-amd64/openresty-build-tools/kong-ngx-build: fixing lua-resty-websocket download URL (commit hash vs tag)
  -> already correct, skipping
[INFO]  Writing ngx_http_lua_ssl_ctx_t patch for OpenResty 1.29.2.5 (ngx_lua-0.10.31rc2) ...
[INFO]    -> patch written: /tmp/kong-build-tools-391-amd64/openresty-patches/patches/1.29.2.5/ngx_lua-0.10.31rc2_01-add-disable-http2-alpn.patch
[INFO]  Patching /tmp/kong-build-tools-391-amd64/openresty-build-tools/kong-ngx-build: fixing 'set -e/' typo
  -> already correct, skipping
[INFO]  Patching build-kong.sh: clear LuaRocks manifest cache before install
  -> already patched, skipping
[INFO]  Patching build-kong.sh: pre-install deps via per-author manifests + --deps-mode none
  -> already patched, skipping
[INFO]  Patching /tmp/kong-build-tools-391-amd64/openresty-build-tools/kong-ngx-build: add --libdir=lib to OpenSSL configure opts
  -> already patched, skipping
[INFO]  Patching Makefile: fix cascade semicolons in actual-build-kong target
  -> already patched, skipping
[INFO]  Pinned BUILD_TOOLS_SHA=f23863f for deterministic image tags
[INFO]  Removing stale openresty Docker image: kong-build-local-amd64:openresty-deb-f23863f-f5f1b342c66db6b95cd7b389db781bf1b4b63519f2d1be80be251f171cf3f8dc10-0-openssl
Untagged: kong-build-local-amd64:openresty-deb-f23863f-f5f1b342c66db6b95cd7b389db781bf1b4b63519f2d1be80be251f171cf3f8dc10-0-openssl
[INFO]  Pruning dangling Docker images and stopped containers to free disk space ...
Deleted Images:
deleted: sha256:a6a58005f7e824276314717fc32bbb5e03ef86fd4cb5a4b32bc5c02ebf50b4d2
deleted: sha256:aabbc6c3d6025abef1f1e7c8fd6d5c642560d2c55a7725f9740f103f8e715270
deleted: sha256:9d03361a616ae3c56566a9565ea1d2e6de1f5631602e03e195313015f40c8a04
deleted: sha256:79c61b5d12fff1881834901f76cdd56ed2f4af872a0b244d29ab379b9d7ce1f2
deleted: sha256:457932b892d8a04ffe3d49bedb94e2ac747baba336f3130b8e81f3482a8e756d
deleted: sha256:2952c50be47ffe933d3d86996b31a814dcafe678a828dc651321087e2635d087
deleted: sha256:21903b2cc765992dbdd0fea7e2ce5426c32849636b90e2eb4f922bfd839a1bdf
deleted: sha256:12df3b9b4bd22759e3f9c98bc95433eb2af091ccb47fca6fe936ffd61ced8deb
deleted: sha256:9ba8fa70541a6ed6ab577fc9bf392e78b9b698c55cb5b4d913240c53356ac1e1
deleted: sha256:00325a024a89318211f32d131646ac066faec14d46aa4636af46009307ed36fb
deleted: sha256:8c5650addc91f9960391ff317d116f84dc376cf8fd4dfe356f58a70f367f680c
deleted: sha256:79eee597826cb39e25baf19cebdb799683fb368a00cfffdaf89f5846b11e7981
deleted: sha256:ac0dec0911b7497850a1599bd94f9448f152025ad78f50de1a02686972c9ae9a
deleted: sha256:c768767dcd7f1130bd981f65f9d2bed462da2405562e34f0e907fa28e0bf3fe6
deleted: sha256:75b6bae84959a9c3833062ca88e117fe366e38b10f24819ab26cddc9685a9f3d
deleted: sha256:42d8ce6185cdf5c009d3dac4a00511d0e5e1998e7843c2ffa8fab286e7b9589b
deleted: sha256:751bc13910193017920953d8c120eefac7865b6c1c32c7fd5c4652d4f6bb674f
deleted: sha256:8cb476d5d06899c7602473aa298644655fd6f73e0e3dff57e268507b482c993e
deleted: sha256:b1499a6268acf3ee20937f2f56355537d24fa3c8600620b7348211faff7568fa
deleted: sha256:d13e045bb3dadb9cabc47775df8f3df11c5d15d0069640fcbe4430ce6387e78f
deleted: sha256:c84c20843bf7222f81c84b20e273aea2b83aee4b10050c67648cdae9365df92c
deleted: sha256:88a9ddcda6e8fbb201499e81c9ba415147883445c4a2f95b0e63c5c95833fb93
deleted: sha256:b7d991ababb89480cf30f216824dc88393204391213145fdf07eee8e82bd1bfa
deleted: sha256:91675ea0afb9955e8d18c7e6875a5bd746e22d400720ebff5c726a2395336de7
deleted: sha256:c40d87dc63beb6ff7814b73976581812e1a09b15154238016d806327d8dda221
deleted: sha256:afcf0e8b0866b2c102797b6b7d7be6c7f613a2e519a691fdb80af73ed14e70a8
deleted: sha256:ea469a86e865db391ec12264b62aae201fcf31ba30e825e4bb7fb6c2771a03c0
deleted: sha256:b0c61a5a891d84f59be94506c68c22bb7bd551469d87ae74dd33fdf953a2e9b7
deleted: sha256:7e7d4b26f9932480ce68d0b6c7a24470fef3f8874c13f83e159a08c63e29b9c6
deleted: sha256:524719b6760ffc9231de148a256a8d1cb2db0358039f4c8c60c54d721b182779
deleted: sha256:50dd33b7d346c1ef7f4cab539034fbd7f688d5bcdfcb01ac4c00d86f254d951f
deleted: sha256:8e8123a35965c7a74374fd57eecc4966245ddf0925ce239bf82ff67e1dbd7b81
deleted: sha256:a339b48eaebb497a4b0588cfac758eea4b37660ba40d52895f35f0f3767b43fb
deleted: sha256:94705cfea16d3b334241bd75eaff9e3dcdca90a603e9abcb8a21edf6b60875e7
deleted: sha256:5eb00ef9468f021d2e8c0372d47d9f9996e7c54b7ecd00ecd55625be8abc9ecf
deleted: sha256:316f44065b58b3e388d320251572fab0febf93c8a9b6bad51041c472202b3f4f
deleted: sha256:d970a7c38efced626181256f701a9df3e66b2e434b92c7023678aab3ca2dbd39
deleted: sha256:c2219d09d8e5b883dfd80b5a497d8e94eeca4e34f17d422c0370133eaab44d11
deleted: sha256:c79a3fd2298476c35904a5ad3e9b91a6fb60b1916065302e4f3883229845e668
deleted: sha256:18d6666f4f73c791c991f18e69ca207020afc8774b491299cd56e672bafcb619
deleted: sha256:b379fa629e9614a671e058422d6f967532defc5f207df2d3f130641e678fa3ca

Total reclaimed space: 354.3MB
Total reclaimed space: 0B
[INFO]  WARNING: Only 0GB free on /. Build may fail with 'no space left on device'.
[INFO]           Run: docker system prune -af   to free more space before retrying.
[INFO]  amd64 kong/fpm:0.5.1 already present locally — skipping build
[INFO]  Ensuring amd64 alpine base image for the package wrapper ...
[INFO]  Removing stale arm64-arch wrapper image: kong-build-local-amd64:kong-packaged-deb-f23863f10-3.9.1-b724fc7-0-openssl
Untagged: kong-build-local-amd64:kong-packaged-deb-f23863f10-3.9.1-b724fc7-0-openssl
Deleted: sha256:d256b987493af6abec138c9b6d9975c966e867102616ad8af0dea77b8503d2dd
Deleted: sha256:0ad6a8929d9443fe7473b36008fc7f2f9cc8be5810987a6aa88be27236d65686
[INFO]  Starting Kong amd64 build ...
[INFO]    TARGET_PLATFORM     = linux/amd64
[INFO]    KONG_VERSION        = 3.9.1
[INFO]    KONG_TAG            = 3.9.1
[INFO]    RESTY_VERSION       = 1.29.2.5
[INFO]    LUAROCKS            = 3.11.1
[INFO]    RESTY_OPENSSL_VER   = 3.5.6
[INFO]    KONG_OPENSSL_VER    = 0
[INFO]    RESTY_PCRE_VERSION  = 10.46
[INFO]    RESTY_IMAGE_BASE    = ubuntu:26.04
[INFO]    PACKAGE_TYPE        = deb
[INFO]    DOCKER_REPOSITORY   = kong-build-local-amd64
[INFO]  
starting make in kong-build-tools
docker-compose -f test/kong-tests-compose.yaml down
docker-compose -f test/kong-tests-compose.yaml rm -f
docker stop user-validation-tests || true
docker rm user-validation-tests || true
docker volume prune -f
Total reclaimed space: 0B
rm -rf kong
rm -rf docker-kong
rm -rf output/*
rm -f github-token
git submodule deinit -f .
Cleared directory 'lua-kong-nginx-module'
Submodule 'lua-kong-nginx-module' (git@github.com:Kong/lua-kong-nginx-module.git) unregistered for path 'lua-kong-nginx-module'
Cleared directory 'lua-resty-lmdb'
Submodule 'lua-resty-lmdb' (git@github.com:Kong/lua-resty-lmdb.git) unregistered for path 'lua-resty-lmdb'
docker rmi "kong/kong":3.9.1-ubuntu
docker rmi amd64-3.9.1-ubuntu
docker rmi arm64-3.9.1-ubuntu
'running build: RESTY_IMAGE_BASE: ubuntu'
'               RESTY_IMAGE_TAG:  26.04'
.ci/setup_ci.sh
/Library/Developer/CommandLineTools/usr/bin/make build-kong
starting make in kong-build-tools
rm -rf kong
cp -R /tmp/kong-source-391-amd64 kong
mkdir -pv kong/distribution
kong/distribution
git submodule update --init --recursive
Submodule path 'lua-kong-nginx-module': checked out 'fec73310688b16da974a97e52bf27aa9c698bfaa'
Submodule path 'lua-resty-lmdb': checked out '13384fcdcec7b15f1b499c8c958ab6a050e64f10'
Submodule path 'lua-resty-lmdb/lmdb': checked out '01b1b7dc204abdf3849536979205dc9e3a0e3ece'
git submodule status
 fec73310688b16da974a97e52bf27aa9c698bfaa lua-kong-nginx-module (0.2.0-17-gfec7331)
 13384fcdcec7b15f1b499c8c958ab6a050e64f10 lua-resty-lmdb (1.0.0~2)
git -C kong submodule update --init --recursive
git -C kong submodule status
cp kong/.requirements kong/distribution/.requirements
touch id_rsa.private
false kong-build-local-amd64:kong-deb-f23863f10-3.9.1-$(git --git-dir=/tmp/kong-source-391-amd64/.git rev-parse --short HEAD)-0-openssl || \
	( /Library/Developer/CommandLineTools/usr/bin/make build-openresty && \
	-rm github-token; \
	echo $GITHUB_TOKEN > github-token && \
	docker build --build-arg TARGETPLATFORM=linux/amd64 -f dockerfiles/Dockerfile.kong \
	--build-arg PACKAGE_TYPE=deb \
	--build-arg DOCKER_REPOSITORY=kong-build-local-amd64 \
	--build-arg DOCKER_OPENRESTY_SUFFIX=f23863f-$(find kong/distribution -type f -print0 | sort -z | xargs -0 sha256sum | sha256sum  | cut -d' ' -f 1)10-0-openssl \
	--build-arg ENABLE_LJBC=`grep ENABLE_LJBC /tmp/kong-source-391-amd64/.requirements | awk -F"=" '{print $2}'` \
	--build-arg BUILDKIT_INLINE_CACHE=1 \
	--build-arg SSL_PROVIDER=openssl \
	-t kong-build-local-amd64:kong-deb-f23863f10-3.9.1-$(git --git-dir=/tmp/kong-source-391-amd64/.git rev-parse --short HEAD)-0-openssl . )
starting make in kong-build-tools
rm -rf kong
cp -R /tmp/kong-source-391-amd64 kong
mkdir -pv kong/distribution
kong/distribution
git submodule update --init --recursive
git submodule status
 fec73310688b16da974a97e52bf27aa9c698bfaa lua-kong-nginx-module (0.2.0-17-gfec7331)
 13384fcdcec7b15f1b499c8c958ab6a050e64f10 lua-resty-lmdb (1.0.0~2)
git -C kong submodule update --init --recursive
git -C kong submodule status
cp kong/.requirements kong/distribution/.requirements
rm github-token
false kong-build-local-amd64:openresty-deb-f23863f-$(find kong/distribution -type f -print0 | sort -z | xargs -0 sha256sum | sha256sum  | cut -d' ' -f 1)10-0-openssl || \
	( \
		echo $GITHUB_TOKEN > github-token; \
		docker pull --quiet $(sed -ne 's;FROM \(.*deb.*\) as.*;\1;p' dockerfiles/Dockerfile.openresty); \
		docker build --build-arg TARGETPLATFORM=linux/amd64 -f dockerfiles/Dockerfile.openresty \
		--build-arg RESTY_VERSION=1.29.2.5 \
		--build-arg RESTY_LUAROCKS_VERSION=3.11.1 \
		--build-arg KONG_OPENSSL_VERSION=0 \
		--build-arg RESTY_OPENSSL_VERSION=3.5.6 \
		--build-arg RESTY_BORINGSSL_VERSION=`grep RESTY_BORINGSSL_VERSION /tmp/kong-source-391-amd64/.requirements | awk -F"=" '{print $2}'` \
		--build-arg SSL_PROVIDER=openssl \
		--build-arg RESTY_PCRE_VERSION=10.46 \
		--build-arg PACKAGE_TYPE=deb \
		--build-arg DOCKER_REPOSITORY=kong-build-local-amd64 \
		--build-arg DOCKER_BASE_SUFFIX=f23863f0 \
		--build-arg EDITION=`grep EDITION /tmp/kong-source-391-amd64/.requirements | awk -F"=" '{print $2}'` \
		--build-arg ENABLE_KONG_LICENSING=`grep ENABLE_KONG_LICENSING /tmp/kong-source-391-amd64/.requirements | awk -F"=" '{print $2}'` \
		--build-arg KONG_NGINX_MODULE=`grep KONG_NGINX_MODULE /tmp/kong-source-391-amd64/.requirements | awk -F"=" '{print $2}'` \
		--build-arg RESTY_LMDB=`grep RESTY_LMDB /tmp/kong-source-391-amd64/.requirements | awk -F"=" '{print $2}'` \
		--build-arg RESTY_WEBSOCKET=`grep RESTY_WEBSOCKET /tmp/kong-source-391-amd64/.requirements | awk -F"=" '{print $2}'` \
		--build-arg RESTY_EVENTS=`grep RESTY_EVENTS /tmp/kong-source-391-amd64/.requirements | awk -F"=" '{print $2}'` \
		--build-arg ATC_ROUTER=`grep ATC_ROUTER /tmp/kong-source-391-amd64/.requirements | awk -F"=" '{print $2}'` \
		--build-arg OPENRESTY_PATCHES=1 \
		--build-arg DEBUG=0 \
		--build-arg BUILDKIT_INLINE_CACHE=1 \
		-t kong-build-local-amd64:openresty-deb-f23863f-$(find kong/distribution -type f -print0 | sort -z | xargs -0 sha256sum | sha256sum  | cut -d' ' -f 1)10-0-openssl . && \
		( \
			rm github-token || true \
		) \
	)
docker.io/kong/kong-build-tools:deb-1.8.3
Sending build context to Docker daemon   88.1MB
Step 1/54 : ARG DOCKER_BASE_SUFFIX
Step 2/54 : ARG DOCKER_REPOSITORY
Step 3/54 : ARG PACKAGE_TYPE
Step 4/54 : FROM kong/kong-build-tools:apk-1.8.3 as APK
 ---> 0fd60fd4cd49
Step 5/54 : FROM kong/kong-build-tools:deb-1.8.3 as DEB
 ---> e703be835b13
Step 6/54 : FROM kong/kong-build-tools:rpm-1.8.3 as RPM
 ---> a0dc908dec90
Step 7/54 : FROM $PACKAGE_TYPE
 ---> e703be835b13
Step 8/54 : ARG EDITION="community"
 ---> Using cache
 ---> 49c67be9a1be
Step 9/54 : ENV EDITION $EDITION
 ---> Using cache
 ---> 8abbb30b737e
Step 10/54 : ARG ENABLE_KONG_LICENSING="true"
 ---> Using cache
 ---> d75b08b9726c
Step 11/54 : ENV ENABLE_KONG_LICENSING $ENABLE_KONG_LICENSING
 ---> Using cache
 ---> a1dc8e80926e
Step 12/54 : COPY kong/.requirements kong/distribution/ /distribution/
 ---> Using cache
 ---> 84f535b3beae
Step 13/54 : WORKDIR /distribution
 ---> Using cache
 ---> dfd3780afba3
Step 14/54 : RUN if [ -f "/distribution/pre-install.sh" ] ; then ./pre-install.sh; fi
 ---> Using cache
 ---> e50dcec172e5
Step 15/54 : ARG KONG_NGINX_MODULE=master
 ---> Using cache
 ---> 0a92cc0f7df9
Step 16/54 : ARG RESTY_VERSION=1.21.4.1
 ---> Using cache
 ---> edba4712626a
Step 17/54 : LABEL resty_version="${RESTY_VERSION}"
 ---> Using cache
 ---> baa8c9069967
Step 18/54 : ARG RESTY_OPENSSL_VERSION=1.1.1k
 ---> Using cache
 ---> 4e7916b6de8a
Step 19/54 : LABEL resty_openssl_version="${RESTY_OPENSSL_VERSION}"
 ---> Using cache
 ---> a87b6349c53b
Step 20/54 : ARG KONG_OPENSSL_VERSION=1.1.0
 ---> Using cache
 ---> 976e449e8f3e
Step 21/54 : LABEL kong_openssl_version="${KONG_OPENSSL_VERSION}"
 ---> Using cache
 ---> 48ecf0ff76cd
Step 22/54 : ARG RESTY_BORINGSSL_VERSION=0
 ---> Using cache
 ---> 95dcda1353e5
Step 23/54 : LABEL resty_boringssl_version="${RESTY_BORINGSSL_VERSION}"
 ---> Using cache
 ---> b8de772cda31
Step 24/54 : ARG SSL_PROVIDER=openssl
 ---> Using cache
 ---> 9a8dd356bd6d
Step 25/54 : LABEL ssl_provider="${SSL_PROVIDER}"
 ---> Using cache
 ---> b1a7c2e69fdf
Step 26/54 : ARG RESTY_PCRE_VERSION=8.44
 ---> Using cache
 ---> 86ba6d023d8b
Step 27/54 : LABEL resty_pcre_version="${RESTY_PCRE_VERSION}"
 ---> Using cache
 ---> 1684617b4f18
Step 28/54 : ARG RESTY_LUAROCKS_VERSION=3.7.0
 ---> Using cache
 ---> 2fee378886e6
Step 29/54 : LABEL resty_luarocks_version="${RESTY_LUAROCKS_VERSION}"
 ---> Using cache
 ---> 3ba05b929a01
Step 30/54 : ARG RESTY_LMDB=0
 ---> Using cache
 ---> 90ff0e660e33
Step 31/54 : LABEL resty_lmdb="${RESTY_LMDB}"
 ---> Using cache
 ---> cb52cacda3ef
Step 32/54 : ARG RESTY_WEBSOCKET=0
 ---> Using cache
 ---> befc120bdef0
Step 33/54 : LABEL resty_websocket="${RESTY_WEBSOCKET}"
 ---> Using cache
 ---> 0a7252f9d328
Step 34/54 : ARG RESTY_EVENTS=0
 ---> Using cache
 ---> dec7741c2eb3
Step 35/54 : LABEL resty_events="${RESTY_EVENTS}"
 ---> Using cache
 ---> 2df54fbbf7a3
Step 36/54 : ARG ATC_ROUTER=0
 ---> Using cache
 ---> 8816ce27bc4a
Step 37/54 : LABEL atc_router="${ATC_ROUTER}"
 ---> Using cache
 ---> a3637af170eb
Step 38/54 : COPY openresty-build-tools /tmp/openresty-build-tools
 ---> Using cache
 ---> 8a4abeb29299
Step 39/54 : COPY openresty-patches /tmp/openresty-patches
 ---> Using cache
 ---> d32fcd05cbf8
Step 40/54 : COPY build-openresty.sh /tmp/build-openresty.sh
 ---> Using cache
 ---> 3c120009b6bf
Step 41/54 : ARG OPENRESTY_PATCHES=1
 ---> Using cache
 ---> fb0ade9401e1
Step 42/54 : ENV OPENRESTY_PATCHES="${OPENRESTY_PATCHES}"
 ---> Using cache
 ---> f2af18066b09
Step 43/54 : COPY lua-kong-nginx-module /distribution/lua-kong-nginx-module
 ---> Using cache
 ---> 34672c2b8541
Step 44/54 : COPY lua-resty-lmdb /distribution/lua-resty-lmdb
 ---> Using cache
 ---> 633f99a4cca2
Step 45/54 : ARG DEBUG=0
 ---> Using cache
 ---> f5744042efe6
Step 46/54 : ENV DEBUG $DEBUG
 ---> Using cache
 ---> d894fda5b53e
Step 47/54 : RUN /tmp/build-openresty.sh
 ---> Using cache
 ---> cabb248570bf
Step 48/54 : RUN sed -i 's/\/tmp\/build//' `grep -l -I -r '\/tmp\/build' /tmp/build/` || true
 ---> Using cache
 ---> f115c4dc0eb9
Step 49/54 : COPY kong /kong
 ---> Using cache
 ---> 8376d4805093
Step 50/54 : RUN rm -rf /distribution/*
 ---> Using cache
 ---> dddd8b8ba839
Step 51/54 : COPY kong/.requirements kong/distribution/ /distribution/
 ---> Using cache
 ---> e1810275f510
Step 52/54 : WORKDIR /distribution
 ---> Using cache
 ---> db97f254dde7
Step 53/54 : ENV ENABLE_KONG_LICENSING=false
 ---> Using cache
 ---> 1a65945175c6
Step 54/54 : RUN if [ -f "/distribution/post-install.sh" ] ; then export GITHUB_TOKEN=`cat /run/secrets/github-token` && ./post-install.sh; fi
 ---> Using cache
 ---> 952943c9bf8c
[Warning] One or more build-args [BUILDKIT_INLINE_CACHE TARGETPLATFORM] were not consumed
Successfully built 952943c9bf8c
Successfully tagged kong-build-local-amd64:openresty-deb-f23863f-f5f1b342c66db6b95cd7b389db781bf1b4b63519f2d1be80be251f171cf3f8dc10-0-openssl
Sending build context to Docker daemon   88.1MB
Step 1/17 : ARG PACKAGE_TYPE
Step 2/17 : ARG DOCKER_OPENRESTY_SUFFIX
Step 3/17 : ARG DOCKER_REPOSITORY
Step 4/17 : FROM ${DOCKER_REPOSITORY}:openresty-${PACKAGE_TYPE}-${DOCKER_OPENRESTY_SUFFIX}
 ---> 952943c9bf8c
Step 5/17 : ARG ENABLE_LJBC=
 ---> Using cache
 ---> 309a7056c11f
Step 6/17 : ENV ENABLE_LJBC $ENABLE_LJBC
 ---> Using cache
 ---> a172d08594b9
Step 7/17 : ARG SSL_PROVIDER
 ---> Using cache
 ---> 3a3d80d44866
Step 8/17 : ENV SSL_PROVIDER $SSL_PROVIDER
 ---> Using cache
 ---> 080b629aead2
Step 9/17 : RUN rm -rf /kong && rm -rf /distribution/*
 ---> Using cache
 ---> 1554732b2520
Step 10/17 : COPY kong /kong
 ---> Using cache
 ---> eb4855465d6e
Step 11/17 : COPY kong/.requirements kong/distribution/ /distribution/
 ---> Using cache
 ---> a5dbda564c49
Step 12/17 : WORKDIR /distribution
 ---> Using cache
 ---> c5f2f1b44fb4
Step 13/17 : RUN if [ -f "/distribution/post-install.sh" ] ; then export GITHUB_TOKEN=`cat /run/secrets/github-token` && ./post-install.sh; fi
 ---> Using cache
 ---> a488be542c3f
Step 14/17 : WORKDIR /kong
 ---> Using cache
 ---> 0dad8bada903
Step 15/17 : COPY openresty-build-tools/common.sh /common.sh
 ---> Using cache
 ---> 2c14d64ea574
Step 16/17 : COPY build-kong.sh /build-kong.sh
 ---> Using cache
 ---> 947c43f2259b
Step 17/17 : RUN /build-kong.sh
 ---> Using cache
 ---> c3bc366eba9c
[Warning] One or more build-args [BUILDKIT_INLINE_CACHE TARGETPLATFORM] were not consumed
Successfully built c3bc366eba9c
Successfully tagged kong-build-local-amd64:kong-deb-f23863f10-3.9.1-b724fc7-0-openssl
rm github-token
Sending build context to Docker daemon   88.1MB
Step 1/38 : ARG PACKAGE_TYPE
Step 2/38 : ARG DOCKER_KONG_SUFFIX
Step 3/38 : ARG KONG_SHA
Step 4/38 : ARG DOCKER_REPOSITORY
Step 5/38 : FROM ${DOCKER_REPOSITORY}:kong-${PACKAGE_TYPE}-${DOCKER_KONG_SUFFIX} as KONG
 ---> c3bc366eba9c
Step 6/38 : FROM kong/fpm:0.5.1 as FPM
 ---> 49c051186a46
Step 7/38 : COPY --from=KONG /tmp/build /tmp/build
 ---> a4b14176f55f
Step 8/38 : COPY fpm-entrypoint.sh sign-rpm.exp .rpmmacros /
 ---> 9844feb05ef7
Step 9/38 : COPY after-install.sh /after-install.sh
 ---> dc65bc626dc4
Step 10/38 : COPY .rpmmacros /root/.rpmmacros
 ---> 5c6b7e9b5c0a
Step 11/38 : ARG PRIVATE_KEY_FILE
 ---> [Warning] The requested image's platform (linux/amd64) does not match the detected host platform (linux/arm64/v8) and no specific platform was requested
 ---> Running in c143e5e0d4dc
 ---> Removed intermediate container c143e5e0d4dc
 ---> 7e462b2cf075
Step 12/38 : COPY ${PRIVATE_KEY_FILE} /kong.private.asc
 ---> 99ed80d28c6b
Step 13/38 : ARG PRIVATE_KEY_PASSPHRASE
 ---> [Warning] The requested image's platform (linux/amd64) does not match the detected host platform (linux/arm64/v8) and no specific platform was requested
 ---> Running in 13fe33dd8636
 ---> Removed intermediate container 13fe33dd8636
 ---> 9db811061d07
Step 14/38 : ENV PRIVATE_KEY_PASSPHRASE ${PRIVATE_KEY_PASSPHRASE}
 ---> [Warning] The requested image's platform (linux/amd64) does not match the detected host platform (linux/arm64/v8) and no specific platform was requested
 ---> Running in 22c77850e7dc
 ---> Removed intermediate container 22c77850e7dc
 ---> 6719d94ebf44
Step 15/38 : ARG RESTY_IMAGE_BASE="ubuntu"
 ---> [Warning] The requested image's platform (linux/amd64) does not match the detected host platform (linux/arm64/v8) and no specific platform was requested
 ---> Running in e0a6f7c0af12
 ---> Removed intermediate container e0a6f7c0af12
 ---> 1b7fe3006c31
Step 16/38 : ARG RESTY_IMAGE_TAG="18.04"
 ---> [Warning] The requested image's platform (linux/amd64) does not match the detected host platform (linux/arm64/v8) and no specific platform was requested
 ---> Running in 651d179d1394
 ---> Removed intermediate container 651d179d1394
 ---> 9c6f87a3defb
Step 17/38 : ARG PACKAGE_TYPE
 ---> [Warning] The requested image's platform (linux/amd64) does not match the detected host platform (linux/arm64/v8) and no specific platform was requested
 ---> Running in 319e2e4a4014
 ---> Removed intermediate container 319e2e4a4014
 ---> c3a18df60d5c
Step 18/38 : ARG KONG_VERSION
 ---> [Warning] The requested image's platform (linux/amd64) does not match the detected host platform (linux/arm64/v8) and no specific platform was requested
 ---> Running in b87604406220
 ---> Removed intermediate container b87604406220
 ---> a789a9ae5bb3
Step 19/38 : ARG KONG_RELEASE_LABEL
 ---> [Warning] The requested image's platform (linux/amd64) does not match the detected host platform (linux/arm64/v8) and no specific platform was requested
 ---> Running in 83f2952db890
 ---> Removed intermediate container 83f2952db890
 ---> 3f1c0e2f3076
Step 20/38 : ARG KONG_PACKAGE_NAME
 ---> [Warning] The requested image's platform (linux/amd64) does not match the detected host platform (linux/arm64/v8) and no specific platform was requested
 ---> Running in d6f9ab8399e9
 ---> Removed intermediate container d6f9ab8399e9
 ---> 1d946b74fdac
Step 21/38 : ARG TARGETPLATFORM
 ---> [Warning] The requested image's platform (linux/amd64) does not match the detected host platform (linux/arm64/v8) and no specific platform was requested
 ---> Running in e6212a70e308
 ---> Removed intermediate container e6212a70e308
 ---> ca1a314e38e3
Step 22/38 : ENV TARGETPLATFORM=${TARGETPLATFORM}
 ---> [Warning] The requested image's platform (linux/amd64) does not match the detected host platform (linux/arm64/v8) and no specific platform was requested
 ---> Running in f97c9cf30f92
 ---> Removed intermediate container f97c9cf30f92
 ---> f0f3fc93f07a
Step 23/38 : ARG TARGETPLATFORM
 ---> [Warning] The requested image's platform (linux/amd64) does not match the detected host platform (linux/arm64/v8) and no specific platform was requested
 ---> Running in f0ddf3d61cdb
 ---> Removed intermediate container f0ddf3d61cdb
 ---> ec8acfc0c411
Step 24/38 : ENV TARGETPLATFORM=${TARGETPLATFORM}
 ---> [Warning] The requested image's platform (linux/amd64) does not match the detected host platform (linux/arm64/v8) and no specific platform was requested
 ---> Running in 13bf5c587d45
 ---> Removed intermediate container 13bf5c587d45
 ---> 8b58132e27d2
Step 25/38 : ARG PACKAGE_CONFLICTS="kong-enterprise-edition"
 ---> [Warning] The requested image's platform (linux/amd64) does not match the detected host platform (linux/arm64/v8) and no specific platform was requested
 ---> Running in dc8fd50b33eb
 ---> Removed intermediate container dc8fd50b33eb
 ---> 5eef564a5505
Step 26/38 : ENV PACKAGE_CONFLICTS $PACKAGE_CONFLICTS
 ---> [Warning] The requested image's platform (linux/amd64) does not match the detected host platform (linux/arm64/v8) and no specific platform was requested
 ---> Running in b6db41129f8d
 ---> Removed intermediate container b6db41129f8d
 ---> adec5c31143f
Step 27/38 : ARG PACKAGE_PROVIDES="kong-community-edition"
 ---> [Warning] The requested image's platform (linux/amd64) does not match the detected host platform (linux/arm64/v8) and no specific platform was requested
 ---> Running in c930f41a3490
 ---> Removed intermediate container c930f41a3490
 ---> 4cff0bbc069d
Step 28/38 : ENV PACKAGE_PROVIDES $PACKAGE_PROVIDES
 ---> [Warning] The requested image's platform (linux/amd64) does not match the detected host platform (linux/arm64/v8) and no specific platform was requested
 ---> Running in 69bafd73ffba
 ---> Removed intermediate container 69bafd73ffba
 ---> 255b31d3c3c3
Step 29/38 : ARG PACKAGE_REPLACES="kong-community-edition"
 ---> [Warning] The requested image's platform (linux/amd64) does not match the detected host platform (linux/arm64/v8) and no specific platform was requested
 ---> Running in e11877220ff8
 ---> Removed intermediate container e11877220ff8
 ---> 49c7638e86ff
Step 30/38 : ENV PACKAGE_REPLACES $PACKAGE_REPLACES
 ---> [Warning] The requested image's platform (linux/amd64) does not match the detected host platform (linux/arm64/v8) and no specific platform was requested
 ---> Running in c19b0f203efb
 ---> Removed intermediate container c19b0f203efb
 ---> 2eea38dfc26f
Step 31/38 : ARG SSL_PROVIDER
 ---> [Warning] The requested image's platform (linux/amd64) does not match the detected host platform (linux/arm64/v8) and no specific platform was requested
 ---> Running in b1fd71f69b7f
 ---> Removed intermediate container b1fd71f69b7f
 ---> b8fc07cc768d
Step 32/38 : ENV SSL_PROVIDER $SSL_PROVIDER
 ---> [Warning] The requested image's platform (linux/amd64) does not match the detected host platform (linux/arm64/v8) and no specific platform was requested
 ---> Running in 8b3ff5575393
 ---> Removed intermediate container 8b3ff5575393
 ---> 033e14aec594
Step 33/38 : RUN mkdir -p /tmp/build/lib/systemd/system/
 ---> [Warning] The requested image's platform (linux/amd64) does not match the detected host platform (linux/arm64/v8) and no specific platform was requested
 ---> Running in 961ad22b5e0c
 ---> Removed intermediate container 961ad22b5e0c
 ---> 1f2dacf24dd5
Step 34/38 : COPY kong.service /tmp/build/lib/systemd/system/kong.service
 ---> 8a6f26272391
Step 35/38 : COPY kong.logrotate /tmp/build/etc/kong/kong.logrotate
 ---> 67b22d190f7b
Step 36/38 : RUN /fpm-entrypoint.sh
 ---> [Warning] The requested image's platform (linux/amd64) does not match the detected host platform (linux/arm64/v8) and no specific platform was requested
 ---> Running in 66923f2712a0
{:timestamp=>"2026-05-26T16:38:43.280723+0000", :message=>"Debian packaging tools generally labels all files in /etc as config files, as mandated by policy, so fpm defaults to this behavior for deb packages. You can disable this default behavior with --deb-no-default-config-files flag", :level=>:warn}
{:timestamp=>"2026-05-26T16:39:48.652374+0000", :message=>"Created package", :path=>"kong_3.9.1_amd64.deb"}
[91m+ '[' deb == rpm ']'
[0m ---> Removed intermediate container 66923f2712a0
 ---> 779a4621afb4
Step 37/38 : FROM alpine
 ---> 3cb067eab609
Step 38/38 : COPY --from=FPM /output /output
 ---> 31e40a53319e
[Warning] One or more build-args [EDITION] were not consumed
Successfully built 31e40a53319e
Successfully tagged kong-build-local-amd64:kong-packaged-deb-f23863f10-3.9.1-b724fc7-0-openssl
docker run -d --rm --name output kong-build-local-amd64:kong-packaged-deb-f23863f10-3.9.1-$(git --git-dir=/tmp/kong-source-391-amd64/.git rev-parse --short HEAD)-0-openssl tail -f /dev/null
5689cd81a9e11fb70fd5d3d5cbc463e98f96bbc9e476c32772f83f90a1c8ba48
docker cp output:/output/ output
docker stop output
output
mv output/output/*.deb* output/
rm -rf output/*/
Packaged Kong:
ls -al output/
total 111088
drwxr-xr-x@  4 suriyasiangsai  wheel       128 May 26 23:40 .
drwxr-xr-x@ 38 suriyasiangsai  wheel      1216 May 26 23:38 ..
-rwxr-xr-x@  1 suriyasiangsai  wheel        71 May 26 22:44 .gitignore
-rw-r--r--@  1 suriyasiangsai  wheel  56868896 May 26 23:39 kong-3.9.1.26.04.amd64.deb
/tmp/kong-build-tools-391-amd64/output/kong-3.9.1.26.04.amd64.deb -> /Users/suriyasiangsai/works/Bathnet/build-from-source/output/kong-3.9.1-openresty1.29.2.5.amd64.deb
[INFO]  Build complete! Packages:
total 365864
-rw-r--r--@ 1 suriyasiangsai  staff    54M May 26 23:40 kong-3.9.1-openresty1.29.2.5.amd64.deb
-rw-r--r--@ 1 suriyasiangsai  staff    55M May 26 23:23 kong-3.9.1-openresty1.29.2.5.arm64.deb
-rw-r--r--@ 1 suriyasiangsai  staff    34M Apr 20 18:56 kong-3.9.1.22.04.amd64.deb
-rw-r--r--@ 1 suriyasiangsai  staff    35M Apr 20 19:00 kong-3.9.1.22.04.arm64.deb
